// Jest Snapshot v1, https://goo.gl/fbAQLP

exports[`test _array should add new element in collection 1`] = `
Array [
  "diapers",
  "kleenex",
  "trash bags",
  "paper towels",
  "milk",
  "beer",
]
`;
